MPLINK 5.09, LINKER
Linker Map File - Created Thu Jun 08 07:18:33 2023

                                 Section Info
                  Section       Type    Address   Location Size(Bytes)
                ---------  ---------  ---------  ---------  ---------
                   .org_0       code   0x000000    program   0x0000a4
                   .cinit    romdata   0x0000a4    program   0x000002
.config_300000_BUILD/DEFAULT/PRODUCTION/DISPLAY    romdata   0x300000    program   0x000001
.config_300001_BUILD/DEFAULT/PRODUCTION/DISPLAY    romdata   0x300001    program   0x000001
.config_300002_BUILD/DEFAULT/PRODUCTION/DISPLAY    romdata   0x300002    program   0x000001
.config_300003_BUILD/DEFAULT/PRODUCTION/DISPLAY    romdata   0x300003    program   0x000001
.config_300005_BUILD/DEFAULT/PRODUCTION/DISPLAY    romdata   0x300005    program   0x000001
.config_300006_BUILD/DEFAULT/PRODUCTION/DISPLAY    romdata   0x300006    program   0x000001
.config_300008_BUILD/DEFAULT/PRODUCTION/DISPLAY    romdata   0x300008    program   0x000001
.config_300009_BUILD/DEFAULT/PRODUCTION/DISPLAY    romdata   0x300009    program   0x000001
.config_30000A_BUILD/DEFAULT/PRODUCTION/DISPLAY    romdata   0x30000a    program   0x000001
.config_30000B_BUILD/DEFAULT/PRODUCTION/DISPLAY    romdata   0x30000b    program   0x000001
.config_30000C_BUILD/DEFAULT/PRODUCTION/DISPLAY    romdata   0x30000c    program   0x000001
.config_30000D_BUILD/DEFAULT/PRODUCTION/DISPLAY    romdata   0x30000d    program   0x000001



                              Program Memory Usage 
                               Start         End      
                           ---------   ---------      
                            0x000000    0x0000a5      
                            0x300000    0x300003      
                            0x300005    0x300006      
                            0x300008    0x30000d      
            178 out of 33048 program addresses used, program memory utilization is 0%



                              Symbols - Sorted by Name
                     Name    Address   Location    Storage File                     
                ---------  ---------  ---------  --------- ---------                
                    AGAIN   0x00000e    program     static C:\Users\yohna\Desktop\DISPLAY_1_CLICK.X.X\DISPLAY_1_CLICK.X.asm
              DELAY_100mS   0x00001c    program     static C:\Users\yohna\Desktop\DISPLAY_1_CLICK.X.X\DISPLAY_1_CLICK.X.asm
               DELAY_10mS   0x000004    program     static C:\Users\yohna\Desktop\DISPLAY_1_CLICK.X.X\DISPLAY_1_CLICK.X.asm
                DELAY_1mS   0x00002c    program     static C:\Users\yohna\Desktop\DISPLAY_1_CLICK.X.X\DISPLAY_1_CLICK.X.asm
               DELAY_1mSS   0x000008    program     static C:\Users\yohna\Desktop\DISPLAY_1_CLICK.X.X\DISPLAY_1_CLICK.X.asm
                DISPLAY_0   0x000084    program     static C:\Users\yohna\Desktop\DISPLAY_1_CLICK.X.X\DISPLAY_1_CLICK.X.asm
                DISPLAY_1   0x00008c    program     static C:\Users\yohna\Desktop\DISPLAY_1_CLICK.X.X\DISPLAY_1_CLICK.X.asm
                DISPLAY_2   0x000094    program     static C:\Users\yohna\Desktop\DISPLAY_1_CLICK.X.X\DISPLAY_1_CLICK.X.asm
                DISPLAY_3   0x00009c    program     static C:\Users\yohna\Desktop\DISPLAY_1_CLICK.X.X\DISPLAY_1_CLICK.X.asm
                     MAIN   0x00004c    program     static C:\Users\yohna\Desktop\DISPLAY_1_CLICK.X.X\DISPLAY_1_CLICK.X.asm
                     OTRA   0x000032    program     static C:\Users\yohna\Desktop\DISPLAY_1_CLICK.X.X\DISPLAY_1_CLICK.X.asm
                    OTRA2   0x000022    program     static C:\Users\yohna\Desktop\DISPLAY_1_CLICK.X.X\DISPLAY_1_CLICK.X.asm
              P_DISPLAY_1   0x00005a    program     static C:\Users\yohna\Desktop\DISPLAY_1_CLICK.X.X\DISPLAY_1_CLICK.X.asm
              P_DISPLAY_2   0x000068    program     static C:\Users\yohna\Desktop\DISPLAY_1_CLICK.X.X\DISPLAY_1_CLICK.X.asm
              P_DISPLAY_3   0x000076    program     static C:\Users\yohna\Desktop\DISPLAY_1_CLICK.X.X\DISPLAY_1_CLICK.X.asm
                 SETTINGS   0x00003c    program     static C:\Users\yohna\Desktop\DISPLAY_1_CLICK.X.X\DISPLAY_1_CLICK.X.asm



                              Symbols - Sorted by Address
                     Name    Address   Location    Storage File                     
                ---------  ---------  ---------  --------- ---------                
               DELAY_10mS   0x000004    program     static C:\Users\yohna\Desktop\DISPLAY_1_CLICK.X.X\DISPLAY_1_CLICK.X.asm
               DELAY_1mSS   0x000008    program     static C:\Users\yohna\Desktop\DISPLAY_1_CLICK.X.X\DISPLAY_1_CLICK.X.asm
                    AGAIN   0x00000e    program     static C:\Users\yohna\Desktop\DISPLAY_1_CLICK.X.X\DISPLAY_1_CLICK.X.asm
              DELAY_100mS   0x00001c    program     static C:\Users\yohna\Desktop\DISPLAY_1_CLICK.X.X\DISPLAY_1_CLICK.X.asm
                    OTRA2   0x000022    program     static C:\Users\yohna\Desktop\DISPLAY_1_CLICK.X.X\DISPLAY_1_CLICK.X.asm
                DELAY_1mS   0x00002c    program     static C:\Users\yohna\Desktop\DISPLAY_1_CLICK.X.X\DISPLAY_1_CLICK.X.asm
                     OTRA   0x000032    program     static C:\Users\yohna\Desktop\DISPLAY_1_CLICK.X.X\DISPLAY_1_CLICK.X.asm
                 SETTINGS   0x00003c    program     static C:\Users\yohna\Desktop\DISPLAY_1_CLICK.X.X\DISPLAY_1_CLICK.X.asm
                     MAIN   0x00004c    program     static C:\Users\yohna\Desktop\DISPLAY_1_CLICK.X.X\DISPLAY_1_CLICK.X.asm
              P_DISPLAY_1   0x00005a    program     static C:\Users\yohna\Desktop\DISPLAY_1_CLICK.X.X\DISPLAY_1_CLICK.X.asm
              P_DISPLAY_2   0x000068    program     static C:\Users\yohna\Desktop\DISPLAY_1_CLICK.X.X\DISPLAY_1_CLICK.X.asm
              P_DISPLAY_3   0x000076    program     static C:\Users\yohna\Desktop\DISPLAY_1_CLICK.X.X\DISPLAY_1_CLICK.X.asm
                DISPLAY_0   0x000084    program     static C:\Users\yohna\Desktop\DISPLAY_1_CLICK.X.X\DISPLAY_1_CLICK.X.asm
                DISPLAY_1   0x00008c    program     static C:\Users\yohna\Desktop\DISPLAY_1_CLICK.X.X\DISPLAY_1_CLICK.X.asm
                DISPLAY_2   0x000094    program     static C:\Users\yohna\Desktop\DISPLAY_1_CLICK.X.X\DISPLAY_1_CLICK.X.asm
                DISPLAY_3   0x00009c    program     static C:\Users\yohna\Desktop\DISPLAY_1_CLICK.X.X\DISPLAY_1_CLICK.X.asm


