MPLINK 5.09, LINKER
Linker Map File - Created Tue Jun 20 12:42:33 2023

                                 Section Info
                  Section       Type    Address   Location Size(Bytes)
                ---------  ---------  ---------  ---------  ---------
                   .org_0       code   0x000000    program   0x0001e4
                   .cinit    romdata   0x0001e4    program   0x000002
.config_300000_BUILD/DEFAULT/PRODUCTION/NEWASMT    romdata   0x300000    program   0x000001
.config_300001_BUILD/DEFAULT/PRODUCTION/NEWASMT    romdata   0x300001    program   0x000001
.config_300002_BUILD/DEFAULT/PRODUCTION/NEWASMT    romdata   0x300002    program   0x000001
.config_300003_BUILD/DEFAULT/PRODUCTION/NEWASMT    romdata   0x300003    program   0x000001
.config_300005_BUILD/DEFAULT/PRODUCTION/NEWASMT    romdata   0x300005    program   0x000001
.config_300006_BUILD/DEFAULT/PRODUCTION/NEWASMT    romdata   0x300006    program   0x000001
.config_300008_BUILD/DEFAULT/PRODUCTION/NEWASMT    romdata   0x300008    program   0x000001
.config_300009_BUILD/DEFAULT/PRODUCTION/NEWASMT    romdata   0x300009    program   0x000001
.config_30000A_BUILD/DEFAULT/PRODUCTION/NEWASMT    romdata   0x30000a    program   0x000001
.config_30000B_BUILD/DEFAULT/PRODUCTION/NEWASMT    romdata   0x30000b    program   0x000001
.config_30000C_BUILD/DEFAULT/PRODUCTION/NEWASMT    romdata   0x30000c    program   0x000001
.config_30000D_BUILD/DEFAULT/PRODUCTION/NEWASMT    romdata   0x30000d    program   0x000001



                              Program Memory Usage 
                               Start         End      
                           ---------   ---------      
                            0x000000    0x0001e5      
                            0x300000    0x300003      
                            0x300005    0x300006      
                            0x300008    0x30000d      
            498 out of 33048 program addresses used, program memory utilization is 1%



                              Symbols - Sorted by Name
                     Name    Address   Location    Storage File                     
                ---------  ---------  ---------  --------- ---------                
                       BP   0x000178    program     static C:\Users\armando\Desktop\practicas_dis.prog\contadorxd.X\newAsmTemplate.asm
                   CINCOP   0x00012c    program     static C:\Users\armando\Desktop\practicas_dis.prog\contadorxd.X\newAsmTemplate.asm
            CONFIGURACION   0x000024    program     static C:\Users\armando\Desktop\practicas_dis.prog\contadorxd.X\newAsmTemplate.asm
                CUATROpar   0x000090    program     static C:\Users\armando\Desktop\practicas_dis.prog\contadorxd.X\newAsmTemplate.asm
              DELAY_100mS   0x000004    program     static C:\Users\armando\Desktop\practicas_dis.prog\contadorxd.X\newAsmTemplate.asm
                DELAY_1mS   0x000014    program     static C:\Users\armando\Desktop\practicas_dis.prog\contadorxd.X\newAsmTemplate.asm
                     DOSP   0x0000e0    program     static C:\Users\armando\Desktop\practicas_dis.prog\contadorxd.X\newAsmTemplate.asm
                   DOSpar   0x0000b6    program     static C:\Users\armando\Desktop\practicas_dis.prog\contadorxd.X\newAsmTemplate.asm
                       DP   0x00019e    program     static C:\Users\armando\Desktop\practicas_dis.prog\contadorxd.X\newAsmTemplate.asm
                      IB1   0x00003a    program     static C:\Users\armando\Desktop\practicas_dis.prog\contadorxd.X\newAsmTemplate.asm
                   INICIO   0x00003a    program     static C:\Users\armando\Desktop\practicas_dis.prog\contadorxd.X\newAsmTemplate.asm
                     MAIN   0x00003a    program     static C:\Users\armando\Desktop\practicas_dis.prog\contadorxd.X\newAsmTemplate.asm
                     NADA   0x0001d0    program     static C:\Users\armando\Desktop\practicas_dis.prog\contadorxd.X\newAsmTemplate.asm
                  OCHOpar   0x000044    program     static C:\Users\armando\Desktop\practicas_dis.prog\contadorxd.X\newAsmTemplate.asm
                     OTRA   0x00001a    program     static C:\Users\armando\Desktop\practicas_dis.prog\contadorxd.X\newAsmTemplate.asm
                    OTRA2   0x00000a    program     static C:\Users\armando\Desktop\practicas_dis.prog\contadorxd.X\newAsmTemplate.asm
                    PARES   0x000044    program     static C:\Users\armando\Desktop\practicas_dis.prog\contadorxd.X\newAsmTemplate.asm
                   PRIMOS   0x0000e0    program     static C:\Users\armando\Desktop\practicas_dis.prog\contadorxd.X\newAsmTemplate.asm
                 REINICIO   0x0001c8    program     static C:\Users\armando\Desktop\practicas_dis.prog\contadorxd.X\newAsmTemplate.asm
                  SEISpar   0x00006a    program     static C:\Users\armando\Desktop\practicas_dis.prog\contadorxd.X\newAsmTemplate.asm
                   SIETEP   0x000152    program     static C:\Users\armando\Desktop\practicas_dis.prog\contadorxd.X\newAsmTemplate.asm
                     STOP   0x0001d6    program     static C:\Users\armando\Desktop\practicas_dis.prog\contadorxd.X\newAsmTemplate.asm
                    TRESP   0x000106    program     static C:\Users\armando\Desktop\practicas_dis.prog\contadorxd.X\newAsmTemplate.asm



                              Symbols - Sorted by Address
                     Name    Address   Location    Storage File                     
                ---------  ---------  ---------  --------- ---------                
              DELAY_100mS   0x000004    program     static C:\Users\armando\Desktop\practicas_dis.prog\contadorxd.X\newAsmTemplate.asm
                    OTRA2   0x00000a    program     static C:\Users\armando\Desktop\practicas_dis.prog\contadorxd.X\newAsmTemplate.asm
                DELAY_1mS   0x000014    program     static C:\Users\armando\Desktop\practicas_dis.prog\contadorxd.X\newAsmTemplate.asm
                     OTRA   0x00001a    program     static C:\Users\armando\Desktop\practicas_dis.prog\contadorxd.X\newAsmTemplate.asm
            CONFIGURACION   0x000024    program     static C:\Users\armando\Desktop\practicas_dis.prog\contadorxd.X\newAsmTemplate.asm
                      IB1   0x00003a    program     static C:\Users\armando\Desktop\practicas_dis.prog\contadorxd.X\newAsmTemplate.asm
                   INICIO   0x00003a    program     static C:\Users\armando\Desktop\practicas_dis.prog\contadorxd.X\newAsmTemplate.asm
                     MAIN   0x00003a    program     static C:\Users\armando\Desktop\practicas_dis.prog\contadorxd.X\newAsmTemplate.asm
                    PARES   0x000044    program     static C:\Users\armando\Desktop\practicas_dis.prog\contadorxd.X\newAsmTemplate.asm
                  OCHOpar   0x000044    program     static C:\Users\armando\Desktop\practicas_dis.prog\contadorxd.X\newAsmTemplate.asm
                  SEISpar   0x00006a    program     static C:\Users\armando\Desktop\practicas_dis.prog\contadorxd.X\newAsmTemplate.asm
                CUATROpar   0x000090    program     static C:\Users\armando\Desktop\practicas_dis.prog\contadorxd.X\newAsmTemplate.asm
                   DOSpar   0x0000b6    program     static C:\Users\armando\Desktop\practicas_dis.prog\contadorxd.X\newAsmTemplate.asm
                     DOSP   0x0000e0    program     static C:\Users\armando\Desktop\practicas_dis.prog\contadorxd.X\newAsmTemplate.asm
                   PRIMOS   0x0000e0    program     static C:\Users\armando\Desktop\practicas_dis.prog\contadorxd.X\newAsmTemplate.asm
                    TRESP   0x000106    program     static C:\Users\armando\Desktop\practicas_dis.prog\contadorxd.X\newAsmTemplate.asm
                   CINCOP   0x00012c    program     static C:\Users\armando\Desktop\practicas_dis.prog\contadorxd.X\newAsmTemplate.asm
                   SIETEP   0x000152    program     static C:\Users\armando\Desktop\practicas_dis.prog\contadorxd.X\newAsmTemplate.asm
                       BP   0x000178    program     static C:\Users\armando\Desktop\practicas_dis.prog\contadorxd.X\newAsmTemplate.asm
                       DP   0x00019e    program     static C:\Users\armando\Desktop\practicas_dis.prog\contadorxd.X\newAsmTemplate.asm
                 REINICIO   0x0001c8    program     static C:\Users\armando\Desktop\practicas_dis.prog\contadorxd.X\newAsmTemplate.asm
                     NADA   0x0001d0    program     static C:\Users\armando\Desktop\practicas_dis.prog\contadorxd.X\newAsmTemplate.asm
                     STOP   0x0001d6    program     static C:\Users\armando\Desktop\practicas_dis.prog\contadorxd.X\newAsmTemplate.asm


