MPLINK 5.09, LINKER
Linker Map File - Created Thu May 04 09:33:25 2023

                                 Section Info
                  Section       Type    Address   Location Size(Bytes)
                ---------  ---------  ---------  ---------  ---------
                   .org_0       code   0x000000    program   0x000030
                   .cinit    romdata   0x000030    program   0x000002
.config_300000_BUILD/DEFAULT/PRODUCTION/SUMADOR    romdata   0x300000    program   0x000001
.config_300001_BUILD/DEFAULT/PRODUCTION/SUMADOR    romdata   0x300001    program   0x000001
.config_300002_BUILD/DEFAULT/PRODUCTION/SUMADOR    romdata   0x300002    program   0x000001
.config_300003_BUILD/DEFAULT/PRODUCTION/SUMADOR    romdata   0x300003    program   0x000001
.config_300005_BUILD/DEFAULT/PRODUCTION/SUMADOR    romdata   0x300005    program   0x000001
.config_300006_BUILD/DEFAULT/PRODUCTION/SUMADOR    romdata   0x300006    program   0x000001
.config_300008_BUILD/DEFAULT/PRODUCTION/SUMADOR    romdata   0x300008    program   0x000001
.config_300009_BUILD/DEFAULT/PRODUCTION/SUMADOR    romdata   0x300009    program   0x000001
.config_30000A_BUILD/DEFAULT/PRODUCTION/SUMADOR    romdata   0x30000a    program   0x000001
.config_30000B_BUILD/DEFAULT/PRODUCTION/SUMADOR    romdata   0x30000b    program   0x000001
.config_30000C_BUILD/DEFAULT/PRODUCTION/SUMADOR    romdata   0x30000c    program   0x000001
.config_30000D_BUILD/DEFAULT/PRODUCTION/SUMADOR    romdata   0x30000d    program   0x000001



                              Program Memory Usage 
                               Start         End      
                           ---------   ---------      
                            0x000000    0x000031      
                            0x300000    0x300003      
                            0x300005    0x300006      
                            0x300008    0x30000d      
            62 out of 24856 program addresses used, program memory utilization is 0%



                              Symbols - Sorted by Name
                     Name    Address   Location    Storage File                     
                ---------  ---------  ---------  --------- ---------                
        CONFIGURACION_CFR   0x000000    program     static C:\Users\armando\Desktop\SUMADOR.X\SUMADOR.asm
                     MAIN   0x000010    program     static C:\Users\armando\Desktop\SUMADOR.X\SUMADOR.asm



                              Symbols - Sorted by Address
                     Name    Address   Location    Storage File                     
                ---------  ---------  ---------  --------- ---------                
        CONFIGURACION_CFR   0x000000    program     static C:\Users\armando\Desktop\SUMADOR.X\SUMADOR.asm
                     MAIN   0x000010    program     static C:\Users\armando\Desktop\SUMADOR.X\SUMADOR.asm


