MPLINK 5.09, LINKER
Linker Map File - Created Thu Jun 08 09:26:03 2023

                                 Section Info
                  Section       Type    Address   Location Size(Bytes)
                ---------  ---------  ---------  ---------  ---------
                   .org_0       code   0x000000    program   0x0000c0
                   .cinit    romdata   0x0000c0    program   0x000002



                              Program Memory Usage 
                               Start         End      
                           ---------   ---------      
                            0x000000    0x0000c1      
            194 out of 24856 program addresses used, program memory utilization is 0%



                              Symbols - Sorted by Name
                     Name    Address   Location    Storage File                     
                ---------  ---------  ---------  --------- ---------                
                    AGAIN   0x00000e    program     static C:\Users\armando\Desktop\practicas_dis.prog\CACONPRES.X\XDD.asm
              DELAY_100mS   0x00001c    program     static C:\Users\armando\Desktop\practicas_dis.prog\CACONPRES.X\XDD.asm
               DELAY_10mS   0x000004    program     static C:\Users\armando\Desktop\practicas_dis.prog\CACONPRES.X\XDD.asm
                DELAY_1mS   0x00002c    program     static C:\Users\armando\Desktop\practicas_dis.prog\CACONPRES.X\XDD.asm
               DELAY_1mSS   0x000008    program     static C:\Users\armando\Desktop\practicas_dis.prog\CACONPRES.X\XDD.asm
                DISPLAY_0   0x000078    program     static C:\Users\armando\Desktop\practicas_dis.prog\CACONPRES.X\XDD.asm
                DISPLAY_1   0x00008a    program     static C:\Users\armando\Desktop\practicas_dis.prog\CACONPRES.X\XDD.asm
                DISPLAY_2   0x00009c    program     static C:\Users\armando\Desktop\practicas_dis.prog\CACONPRES.X\XDD.asm
                DISPLAY_3   0x0000ae    program     static C:\Users\armando\Desktop\practicas_dis.prog\CACONPRES.X\XDD.asm
                     MAIN   0x00004c    program     static C:\Users\armando\Desktop\practicas_dis.prog\CACONPRES.X\XDD.asm
                    MAIN2   0x000050    program     static C:\Users\armando\Desktop\practicas_dis.prog\CACONPRES.X\XDD.asm
                     OTRA   0x000032    program     static C:\Users\armando\Desktop\practicas_dis.prog\CACONPRES.X\XDD.asm
                    OTRA2   0x000022    program     static C:\Users\armando\Desktop\practicas_dis.prog\CACONPRES.X\XDD.asm
              P_DISPLAY_1   0x00005a    program     static C:\Users\armando\Desktop\practicas_dis.prog\CACONPRES.X\XDD.asm
              P_DISPLAY_2   0x000064    program     static C:\Users\armando\Desktop\practicas_dis.prog\CACONPRES.X\XDD.asm
              P_DISPLAY_3   0x00006e    program     static C:\Users\armando\Desktop\practicas_dis.prog\CACONPRES.X\XDD.asm
                RETARDO_0   0x00007c    program     static C:\Users\armando\Desktop\practicas_dis.prog\CACONPRES.X\XDD.asm
                RETARDO_1   0x00008e    program     static C:\Users\armando\Desktop\practicas_dis.prog\CACONPRES.X\XDD.asm
                RETARDO_2   0x0000a0    program     static C:\Users\armando\Desktop\practicas_dis.prog\CACONPRES.X\XDD.asm
                RETARDO_3   0x0000b2    program     static C:\Users\armando\Desktop\practicas_dis.prog\CACONPRES.X\XDD.asm
                 SETTINGS   0x00003c    program     static C:\Users\armando\Desktop\practicas_dis.prog\CACONPRES.X\XDD.asm



                              Symbols - Sorted by Address
                     Name    Address   Location    Storage File                     
                ---------  ---------  ---------  --------- ---------                
               DELAY_10mS   0x000004    program     static C:\Users\armando\Desktop\practicas_dis.prog\CACONPRES.X\XDD.asm
               DELAY_1mSS   0x000008    program     static C:\Users\armando\Desktop\practicas_dis.prog\CACONPRES.X\XDD.asm
                    AGAIN   0x00000e    program     static C:\Users\armando\Desktop\practicas_dis.prog\CACONPRES.X\XDD.asm
              DELAY_100mS   0x00001c    program     static C:\Users\armando\Desktop\practicas_dis.prog\CACONPRES.X\XDD.asm
                    OTRA2   0x000022    program     static C:\Users\armando\Desktop\practicas_dis.prog\CACONPRES.X\XDD.asm
                DELAY_1mS   0x00002c    program     static C:\Users\armando\Desktop\practicas_dis.prog\CACONPRES.X\XDD.asm
                     OTRA   0x000032    program     static C:\Users\armando\Desktop\practicas_dis.prog\CACONPRES.X\XDD.asm
                 SETTINGS   0x00003c    program     static C:\Users\armando\Desktop\practicas_dis.prog\CACONPRES.X\XDD.asm
                     MAIN   0x00004c    program     static C:\Users\armando\Desktop\practicas_dis.prog\CACONPRES.X\XDD.asm
                    MAIN2   0x000050    program     static C:\Users\armando\Desktop\practicas_dis.prog\CACONPRES.X\XDD.asm
              P_DISPLAY_1   0x00005a    program     static C:\Users\armando\Desktop\practicas_dis.prog\CACONPRES.X\XDD.asm
              P_DISPLAY_2   0x000064    program     static C:\Users\armando\Desktop\practicas_dis.prog\CACONPRES.X\XDD.asm
              P_DISPLAY_3   0x00006e    program     static C:\Users\armando\Desktop\practicas_dis.prog\CACONPRES.X\XDD.asm
                DISPLAY_0   0x000078    program     static C:\Users\armando\Desktop\practicas_dis.prog\CACONPRES.X\XDD.asm
                RETARDO_0   0x00007c    program     static C:\Users\armando\Desktop\practicas_dis.prog\CACONPRES.X\XDD.asm
                DISPLAY_1   0x00008a    program     static C:\Users\armando\Desktop\practicas_dis.prog\CACONPRES.X\XDD.asm
                RETARDO_1   0x00008e    program     static C:\Users\armando\Desktop\practicas_dis.prog\CACONPRES.X\XDD.asm
                DISPLAY_2   0x00009c    program     static C:\Users\armando\Desktop\practicas_dis.prog\CACONPRES.X\XDD.asm
                RETARDO_2   0x0000a0    program     static C:\Users\armando\Desktop\practicas_dis.prog\CACONPRES.X\XDD.asm
                DISPLAY_3   0x0000ae    program     static C:\Users\armando\Desktop\practicas_dis.prog\CACONPRES.X\XDD.asm
                RETARDO_3   0x0000b2    program     static C:\Users\armando\Desktop\practicas_dis.prog\CACONPRES.X\XDD.asm


