MPLINK 5.09, LINKER
Linker Map File - Created Thu May 18 07:55:39 2023

                                 Section Info
                  Section       Type    Address   Location Size(Bytes)
                ---------  ---------  ---------  ---------  ---------
                   .org_0       code   0x000000    program   0x00004c
                   .cinit    romdata   0x00004c    program   0x000002



                              Program Memory Usage 
                               Start         End      
                           ---------   ---------      
                            0x000000    0x00004d      
            78 out of 24856 program addresses used, program memory utilization is 0%



                              Symbols - Sorted by Name
                     Name    Address   Location    Storage File                     
                ---------  ---------  ---------  --------- ---------                
                  ES_CERO   0x00001a    program     static C:\Users\armando\Desktop\practicas_dis.prog\P4_xor.X\newAsmTemplate.asm
                   ES_DOS   0x000032    program     static C:\Users\armando\Desktop\practicas_dis.prog\P4_xor.X\newAsmTemplate.asm
                  ES_TRES   0x00003c    program     static C:\Users\armando\Desktop\practicas_dis.prog\P4_xor.X\newAsmTemplate.asm
                   ES_UNO   0x000026    program     static C:\Users\armando\Desktop\practicas_dis.prog\P4_xor.X\newAsmTemplate.asm
                   INICIO   0x000000    program     static C:\Users\armando\Desktop\practicas_dis.prog\P4_xor.X\newAsmTemplate.asm
                     MAIN   0x00001a    program     static C:\Users\armando\Desktop\practicas_dis.prog\P4_xor.X\newAsmTemplate.asm
                      OFF   0x000040    program     static C:\Users\armando\Desktop\practicas_dis.prog\P4_xor.X\newAsmTemplate.asm
                       ON   0x000046    program     static C:\Users\armando\Desktop\practicas_dis.prog\P4_xor.X\newAsmTemplate.asm



                              Symbols - Sorted by Address
                     Name    Address   Location    Storage File                     
                ---------  ---------  ---------  --------- ---------                
                   INICIO   0x000000    program     static C:\Users\armando\Desktop\practicas_dis.prog\P4_xor.X\newAsmTemplate.asm
                  ES_CERO   0x00001a    program     static C:\Users\armando\Desktop\practicas_dis.prog\P4_xor.X\newAsmTemplate.asm
                     MAIN   0x00001a    program     static C:\Users\armando\Desktop\practicas_dis.prog\P4_xor.X\newAsmTemplate.asm
                   ES_UNO   0x000026    program     static C:\Users\armando\Desktop\practicas_dis.prog\P4_xor.X\newAsmTemplate.asm
                   ES_DOS   0x000032    program     static C:\Users\armando\Desktop\practicas_dis.prog\P4_xor.X\newAsmTemplate.asm
                  ES_TRES   0x00003c    program     static C:\Users\armando\Desktop\practicas_dis.prog\P4_xor.X\newAsmTemplate.asm
                      OFF   0x000040    program     static C:\Users\armando\Desktop\practicas_dis.prog\P4_xor.X\newAsmTemplate.asm
                       ON   0x000046    program     static C:\Users\armando\Desktop\practicas_dis.prog\P4_xor.X\newAsmTemplate.asm


