MPLINK 5.09, LINKER
Linker Map File - Created Wed Jun 07 12:44:59 2023

                                 Section Info
                  Section       Type    Address   Location Size(Bytes)
                ---------  ---------  ---------  ---------  ---------
                   .org_0       code   0x000000    program   0x000044
                   .cinit    romdata   0x000044    program   0x000002



                              Program Memory Usage 
                               Start         End      
                           ---------   ---------      
                            0x000000    0x000045      
            70 out of 33048 program addresses used, program memory utilization is 0%



                              Symbols - Sorted by Name
                     Name    Address   Location    Storage File                     
                ---------  ---------  ---------  --------- ---------                
                   ACCION   0x00003e    program     static C:\Users\armando\Desktop\practicas_dis.prog\led_Pull.X\pull.asm
                    AGAIN   0x000010    program     static C:\Users\armando\Desktop\practicas_dis.prog\led_Pull.X\pull.asm
               DELAY_10MS   0x000004    program     static C:\Users\armando\Desktop\practicas_dis.prog\led_Pull.X\pull.asm
                DELAY_1mS   0x00000a    program     static C:\Users\armando\Desktop\practicas_dis.prog\led_Pull.X\pull.asm
                     MAIN   0x00002a    program     static C:\Users\armando\Desktop\practicas_dis.prog\led_Pull.X\pull.asm
                     OTRA   0x000030    program     static C:\Users\armando\Desktop\practicas_dis.prog\led_Pull.X\pull.asm
                 SETIINGS   0x00001a    program     static C:\Users\armando\Desktop\practicas_dis.prog\led_Pull.X\pull.asm



                              Symbols - Sorted by Address
                     Name    Address   Location    Storage File                     
                ---------  ---------  ---------  --------- ---------                
               DELAY_10MS   0x000004    program     static C:\Users\armando\Desktop\practicas_dis.prog\led_Pull.X\pull.asm
                DELAY_1mS   0x00000a    program     static C:\Users\armando\Desktop\practicas_dis.prog\led_Pull.X\pull.asm
                    AGAIN   0x000010    program     static C:\Users\armando\Desktop\practicas_dis.prog\led_Pull.X\pull.asm
                 SETIINGS   0x00001a    program     static C:\Users\armando\Desktop\practicas_dis.prog\led_Pull.X\pull.asm
                     MAIN   0x00002a    program     static C:\Users\armando\Desktop\practicas_dis.prog\led_Pull.X\pull.asm
                     OTRA   0x000030    program     static C:\Users\armando\Desktop\practicas_dis.prog\led_Pull.X\pull.asm
                   ACCION   0x00003e    program     static C:\Users\armando\Desktop\practicas_dis.prog\led_Pull.X\pull.asm


