MPLINK 5.09, LINKER
Linker Map File - Created Thu Jun 22 19:05:18 2023

                                 Section Info
                  Section       Type    Address   Location Size(Bytes)
                ---------  ---------  ---------  ---------  ---------
                   .org_0       code   0x000000    program   0x00039c
                   .cinit    romdata   0x00039c    program   0x000002
.config_300000_BUILD/DEFAULT/PRODUCTION/EXAMEN1    romdata   0x300000    program   0x000001
.config_300001_BUILD/DEFAULT/PRODUCTION/EXAMEN1    romdata   0x300001    program   0x000001
.config_300002_BUILD/DEFAULT/PRODUCTION/EXAMEN1    romdata   0x300002    program   0x000001
.config_300003_BUILD/DEFAULT/PRODUCTION/EXAMEN1    romdata   0x300003    program   0x000001
.config_300005_BUILD/DEFAULT/PRODUCTION/EXAMEN1    romdata   0x300005    program   0x000001
.config_300006_BUILD/DEFAULT/PRODUCTION/EXAMEN1    romdata   0x300006    program   0x000001
.config_300008_BUILD/DEFAULT/PRODUCTION/EXAMEN1    romdata   0x300008    program   0x000001
.config_300009_BUILD/DEFAULT/PRODUCTION/EXAMEN1    romdata   0x300009    program   0x000001
.config_30000A_BUILD/DEFAULT/PRODUCTION/EXAMEN1    romdata   0x30000a    program   0x000001
.config_30000B_BUILD/DEFAULT/PRODUCTION/EXAMEN1    romdata   0x30000b    program   0x000001
.config_30000C_BUILD/DEFAULT/PRODUCTION/EXAMEN1    romdata   0x30000c    program   0x000001
.config_30000D_BUILD/DEFAULT/PRODUCTION/EXAMEN1    romdata   0x30000d    program   0x000001



                              Program Memory Usage 
                               Start         End      
                           ---------   ---------      
                            0x000000    0x00039d      
                            0x300000    0x300003      
                            0x300005    0x300006      
                            0x300008    0x30000d      
            938 out of 24856 program addresses used, program memory utilization is 3%



                              Symbols - Sorted by Name
                     Name    Address   Location    Storage File                     
                ---------  ---------  ---------  --------- ---------                
                    AGAIN   0x000010    program     static C:\Users\armando\Desktop\exam.X\examen1.asm
                    B2.10   0x00029c    program     static C:\Users\armando\Desktop\exam.X\examen1.asm
                    B2.11   0x0002dc    program     static C:\Users\armando\Desktop\exam.X\examen1.asm
                    B2.12   0x00031c    program     static C:\Users\armando\Desktop\exam.X\examen1.asm
                    B2.13   0x00035c    program     static C:\Users\armando\Desktop\exam.X\examen1.asm
                     B2.2   0x00009c    program     static C:\Users\armando\Desktop\exam.X\examen1.asm
                     B2.3   0x0000dc    program     static C:\Users\armando\Desktop\exam.X\examen1.asm
                     B2.4   0x00011c    program     static C:\Users\armando\Desktop\exam.X\examen1.asm
                     B2.5   0x00015c    program     static C:\Users\armando\Desktop\exam.X\examen1.asm
                     B2.6   0x00019c    program     static C:\Users\armando\Desktop\exam.X\examen1.asm
                     B2.7   0x0001dc    program     static C:\Users\armando\Desktop\exam.X\examen1.asm
                     B2.8   0x00021c    program     static C:\Users\armando\Desktop\exam.X\examen1.asm
                     B2.9   0x00025c    program     static C:\Users\armando\Desktop\exam.X\examen1.asm
               DELAY_10MS   0x000004    program     static C:\Users\armando\Desktop\exam.X\examen1.asm
                DELAY_1mS   0x00000a    program     static C:\Users\armando\Desktop\exam.X\examen1.asm
                     DIS1   0x0000b0    program     static C:\Users\armando\Desktop\exam.X\examen1.asm
                    DIS10   0x0002f0    program     static C:\Users\armando\Desktop\exam.X\examen1.asm
                    DIS11   0x000330    program     static C:\Users\armando\Desktop\exam.X\examen1.asm
                    DIS12   0x000370    program     static C:\Users\armando\Desktop\exam.X\examen1.asm
                     DIS2   0x0000f0    program     static C:\Users\armando\Desktop\exam.X\examen1.asm
                     DIS3   0x000130    program     static C:\Users\armando\Desktop\exam.X\examen1.asm
                     DIS4   0x000170    program     static C:\Users\armando\Desktop\exam.X\examen1.asm
                     DIS5   0x0001b0    program     static C:\Users\armando\Desktop\exam.X\examen1.asm
                     DIS6   0x0001f0    program     static C:\Users\armando\Desktop\exam.X\examen1.asm
                     DIS7   0x000230    program     static C:\Users\armando\Desktop\exam.X\examen1.asm
                     DIS8   0x000270    program     static C:\Users\armando\Desktop\exam.X\examen1.asm
                     DIS9   0x0002b0    program     static C:\Users\armando\Desktop\exam.X\examen1.asm
                DISPENSAR   0x000080    program     static C:\Users\armando\Desktop\exam.X\examen1.asm
                 LED_ROJO   0x00001a    program     static C:\Users\armando\Desktop\exam.X\examen1.asm
                   LETRAA   0x000100    program     static C:\Users\armando\Desktop\exam.X\examen1.asm
                   LETRAB   0x0000c0    program     static C:\Users\armando\Desktop\exam.X\examen1.asm
                     MAIN   0x000064    program     static C:\Users\armando\Desktop\exam.X\examen1.asm
                  NUMERO0   0x000380    program     static C:\Users\armando\Desktop\exam.X\examen1.asm
                  NUMERO1   0x000340    program     static C:\Users\armando\Desktop\exam.X\examen1.asm
                  NUMERO2   0x000300    program     static C:\Users\armando\Desktop\exam.X\examen1.asm
                  NUMERO3   0x0002c0    program     static C:\Users\armando\Desktop\exam.X\examen1.asm
                  NUMERO4   0x000280    program     static C:\Users\armando\Desktop\exam.X\examen1.asm
                  NUMERO5   0x000240    program     static C:\Users\armando\Desktop\exam.X\examen1.asm
                  NUMERO6   0x000200    program     static C:\Users\armando\Desktop\exam.X\examen1.asm
                  NUMERO7   0x0001c0    program     static C:\Users\armando\Desktop\exam.X\examen1.asm
                  NUMERO8   0x000180    program     static C:\Users\armando\Desktop\exam.X\examen1.asm
                  NUMERO9   0x000140    program     static C:\Users\armando\Desktop\exam.X\examen1.asm
                    OTRA1   0x00008e    program     static C:\Users\armando\Desktop\exam.X\examen1.asm
                   OTRA10   0x0002ce    program     static C:\Users\armando\Desktop\exam.X\examen1.asm
                   OTRA11   0x00030e    program     static C:\Users\armando\Desktop\exam.X\examen1.asm
                   OTRA12   0x00034e    program     static C:\Users\armando\Desktop\exam.X\examen1.asm
                   OTRA13   0x00038e    program     static C:\Users\armando\Desktop\exam.X\examen1.asm
                    OTRA2   0x0000ce    program     static C:\Users\armando\Desktop\exam.X\examen1.asm
                 OTRA2.10   0x0002a2    program     static C:\Users\armando\Desktop\exam.X\examen1.asm
                 OTRA2.11   0x0002e2    program     static C:\Users\armando\Desktop\exam.X\examen1.asm
                 OTRA2.12   0x000322    program     static C:\Users\armando\Desktop\exam.X\examen1.asm
                 OTRA2.14   0x000362    program     static C:\Users\armando\Desktop\exam.X\examen1.asm
                  OTRA2.2   0x0000a2    program     static C:\Users\armando\Desktop\exam.X\examen1.asm
                  OTRA2.3   0x0000e2    program     static C:\Users\armando\Desktop\exam.X\examen1.asm
                  OTRA2.4   0x000122    program     static C:\Users\armando\Desktop\exam.X\examen1.asm
                  OTRA2.5   0x000162    program     static C:\Users\armando\Desktop\exam.X\examen1.asm
                  OTRA2.6   0x0001a2    program     static C:\Users\armando\Desktop\exam.X\examen1.asm
                  OTRA2.7   0x0001e2    program     static C:\Users\armando\Desktop\exam.X\examen1.asm
                  OTRA2.8   0x000222    program     static C:\Users\armando\Desktop\exam.X\examen1.asm
                  OTRA2.9   0x000262    program     static C:\Users\armando\Desktop\exam.X\examen1.asm
                    OTRA3   0x00010e    program     static C:\Users\armando\Desktop\exam.X\examen1.asm
                    OTRA4   0x00014e    program     static C:\Users\armando\Desktop\exam.X\examen1.asm
                    OTRA5   0x00018e    program     static C:\Users\armando\Desktop\exam.X\examen1.asm
                    OTRA6   0x0001ce    program     static C:\Users\armando\Desktop\exam.X\examen1.asm
                    OTRA7   0x00020e    program     static C:\Users\armando\Desktop\exam.X\examen1.asm
                    OTRA8   0x00024e    program     static C:\Users\armando\Desktop\exam.X\examen1.asm
                    OTRA9   0x00028e    program     static C:\Users\armando\Desktop\exam.X\examen1.asm
                 SETIINGS   0x00004c    program     static C:\Users\armando\Desktop\exam.X\examen1.asm
                    SW2.1   0x000076    program     static C:\Users\armando\Desktop\exam.X\examen1.asm
                   SW2.10   0x0002b6    program     static C:\Users\armando\Desktop\exam.X\examen1.asm
                   SW2.11   0x0002f6    program     static C:\Users\armando\Desktop\exam.X\examen1.asm
                   SW2.12   0x000336    program     static C:\Users\armando\Desktop\exam.X\examen1.asm
                   SW2.13   0x000376    program     static C:\Users\armando\Desktop\exam.X\examen1.asm
                    SW2.2   0x0000b6    program     static C:\Users\armando\Desktop\exam.X\examen1.asm
                    SW2.3   0x0000f6    program     static C:\Users\armando\Desktop\exam.X\examen1.asm
                    SW2.4   0x000136    program     static C:\Users\armando\Desktop\exam.X\examen1.asm
                    SW2.5   0x000176    program     static C:\Users\armando\Desktop\exam.X\examen1.asm
                    SW2.6   0x0001b6    program     static C:\Users\armando\Desktop\exam.X\examen1.asm
                    SW2.7   0x0001f6    program     static C:\Users\armando\Desktop\exam.X\examen1.asm
                    SW2.8   0x000236    program     static C:\Users\armando\Desktop\exam.X\examen1.asm
                    SW2.9   0x000276    program     static C:\Users\armando\Desktop\exam.X\examen1.asm



                              Symbols - Sorted by Address
                     Name    Address   Location    Storage File                     
                ---------  ---------  ---------  --------- ---------                
               DELAY_10MS   0x000004    program     static C:\Users\armando\Desktop\exam.X\examen1.asm
                DELAY_1mS   0x00000a    program     static C:\Users\armando\Desktop\exam.X\examen1.asm
                    AGAIN   0x000010    program     static C:\Users\armando\Desktop\exam.X\examen1.asm
                 LED_ROJO   0x00001a    program     static C:\Users\armando\Desktop\exam.X\examen1.asm
                 SETIINGS   0x00004c    program     static C:\Users\armando\Desktop\exam.X\examen1.asm
                     MAIN   0x000064    program     static C:\Users\armando\Desktop\exam.X\examen1.asm
                    SW2.1   0x000076    program     static C:\Users\armando\Desktop\exam.X\examen1.asm
                DISPENSAR   0x000080    program     static C:\Users\armando\Desktop\exam.X\examen1.asm
                    OTRA1   0x00008e    program     static C:\Users\armando\Desktop\exam.X\examen1.asm
                     B2.2   0x00009c    program     static C:\Users\armando\Desktop\exam.X\examen1.asm
                  OTRA2.2   0x0000a2    program     static C:\Users\armando\Desktop\exam.X\examen1.asm
                     DIS1   0x0000b0    program     static C:\Users\armando\Desktop\exam.X\examen1.asm
                    SW2.2   0x0000b6    program     static C:\Users\armando\Desktop\exam.X\examen1.asm
                   LETRAB   0x0000c0    program     static C:\Users\armando\Desktop\exam.X\examen1.asm
                    OTRA2   0x0000ce    program     static C:\Users\armando\Desktop\exam.X\examen1.asm
                     B2.3   0x0000dc    program     static C:\Users\armando\Desktop\exam.X\examen1.asm
                  OTRA2.3   0x0000e2    program     static C:\Users\armando\Desktop\exam.X\examen1.asm
                     DIS2   0x0000f0    program     static C:\Users\armando\Desktop\exam.X\examen1.asm
                    SW2.3   0x0000f6    program     static C:\Users\armando\Desktop\exam.X\examen1.asm
                   LETRAA   0x000100    program     static C:\Users\armando\Desktop\exam.X\examen1.asm
                    OTRA3   0x00010e    program     static C:\Users\armando\Desktop\exam.X\examen1.asm
                     B2.4   0x00011c    program     static C:\Users\armando\Desktop\exam.X\examen1.asm
                  OTRA2.4   0x000122    program     static C:\Users\armando\Desktop\exam.X\examen1.asm
                     DIS3   0x000130    program     static C:\Users\armando\Desktop\exam.X\examen1.asm
                    SW2.4   0x000136    program     static C:\Users\armando\Desktop\exam.X\examen1.asm
                  NUMERO9   0x000140    program     static C:\Users\armando\Desktop\exam.X\examen1.asm
                    OTRA4   0x00014e    program     static C:\Users\armando\Desktop\exam.X\examen1.asm
                     B2.5   0x00015c    program     static C:\Users\armando\Desktop\exam.X\examen1.asm
                  OTRA2.5   0x000162    program     static C:\Users\armando\Desktop\exam.X\examen1.asm
                     DIS4   0x000170    program     static C:\Users\armando\Desktop\exam.X\examen1.asm
                    SW2.5   0x000176    program     static C:\Users\armando\Desktop\exam.X\examen1.asm
                  NUMERO8   0x000180    program     static C:\Users\armando\Desktop\exam.X\examen1.asm
                    OTRA5   0x00018e    program     static C:\Users\armando\Desktop\exam.X\examen1.asm
                     B2.6   0x00019c    program     static C:\Users\armando\Desktop\exam.X\examen1.asm
                  OTRA2.6   0x0001a2    program     static C:\Users\armando\Desktop\exam.X\examen1.asm
                     DIS5   0x0001b0    program     static C:\Users\armando\Desktop\exam.X\examen1.asm
                    SW2.6   0x0001b6    program     static C:\Users\armando\Desktop\exam.X\examen1.asm
                  NUMERO7   0x0001c0    program     static C:\Users\armando\Desktop\exam.X\examen1.asm
                    OTRA6   0x0001ce    program     static C:\Users\armando\Desktop\exam.X\examen1.asm
                     B2.7   0x0001dc    program     static C:\Users\armando\Desktop\exam.X\examen1.asm
                  OTRA2.7   0x0001e2    program     static C:\Users\armando\Desktop\exam.X\examen1.asm
                     DIS6   0x0001f0    program     static C:\Users\armando\Desktop\exam.X\examen1.asm
                    SW2.7   0x0001f6    program     static C:\Users\armando\Desktop\exam.X\examen1.asm
                  NUMERO6   0x000200    program     static C:\Users\armando\Desktop\exam.X\examen1.asm
                    OTRA7   0x00020e    program     static C:\Users\armando\Desktop\exam.X\examen1.asm
                     B2.8   0x00021c    program     static C:\Users\armando\Desktop\exam.X\examen1.asm
                  OTRA2.8   0x000222    program     static C:\Users\armando\Desktop\exam.X\examen1.asm
                     DIS7   0x000230    program     static C:\Users\armando\Desktop\exam.X\examen1.asm
                    SW2.8   0x000236    program     static C:\Users\armando\Desktop\exam.X\examen1.asm
                  NUMERO5   0x000240    program     static C:\Users\armando\Desktop\exam.X\examen1.asm
                    OTRA8   0x00024e    program     static C:\Users\armando\Desktop\exam.X\examen1.asm
                     B2.9   0x00025c    program     static C:\Users\armando\Desktop\exam.X\examen1.asm
                  OTRA2.9   0x000262    program     static C:\Users\armando\Desktop\exam.X\examen1.asm
                     DIS8   0x000270    program     static C:\Users\armando\Desktop\exam.X\examen1.asm
                    SW2.9   0x000276    program     static C:\Users\armando\Desktop\exam.X\examen1.asm
                  NUMERO4   0x000280    program     static C:\Users\armando\Desktop\exam.X\examen1.asm
                    OTRA9   0x00028e    program     static C:\Users\armando\Desktop\exam.X\examen1.asm
                    B2.10   0x00029c    program     static C:\Users\armando\Desktop\exam.X\examen1.asm
                 OTRA2.10   0x0002a2    program     static C:\Users\armando\Desktop\exam.X\examen1.asm
                     DIS9   0x0002b0    program     static C:\Users\armando\Desktop\exam.X\examen1.asm
                   SW2.10   0x0002b6    program     static C:\Users\armando\Desktop\exam.X\examen1.asm
                  NUMERO3   0x0002c0    program     static C:\Users\armando\Desktop\exam.X\examen1.asm
                   OTRA10   0x0002ce    program     static C:\Users\armando\Desktop\exam.X\examen1.asm
                    B2.11   0x0002dc    program     static C:\Users\armando\Desktop\exam.X\examen1.asm
                 OTRA2.11   0x0002e2    program     static C:\Users\armando\Desktop\exam.X\examen1.asm
                    DIS10   0x0002f0    program     static C:\Users\armando\Desktop\exam.X\examen1.asm
                   SW2.11   0x0002f6    program     static C:\Users\armando\Desktop\exam.X\examen1.asm
                  NUMERO2   0x000300    program     static C:\Users\armando\Desktop\exam.X\examen1.asm
                   OTRA11   0x00030e    program     static C:\Users\armando\Desktop\exam.X\examen1.asm
                    B2.12   0x00031c    program     static C:\Users\armando\Desktop\exam.X\examen1.asm
                 OTRA2.12   0x000322    program     static C:\Users\armando\Desktop\exam.X\examen1.asm
                    DIS11   0x000330    program     static C:\Users\armando\Desktop\exam.X\examen1.asm
                   SW2.12   0x000336    program     static C:\Users\armando\Desktop\exam.X\examen1.asm
                  NUMERO1   0x000340    program     static C:\Users\armando\Desktop\exam.X\examen1.asm
                   OTRA12   0x00034e    program     static C:\Users\armando\Desktop\exam.X\examen1.asm
                    B2.13   0x00035c    program     static C:\Users\armando\Desktop\exam.X\examen1.asm
                 OTRA2.14   0x000362    program     static C:\Users\armando\Desktop\exam.X\examen1.asm
                    DIS12   0x000370    program     static C:\Users\armando\Desktop\exam.X\examen1.asm
                   SW2.13   0x000376    program     static C:\Users\armando\Desktop\exam.X\examen1.asm
                  NUMERO0   0x000380    program     static C:\Users\armando\Desktop\exam.X\examen1.asm
                   OTRA13   0x00038e    program     static C:\Users\armando\Desktop\exam.X\examen1.asm


