MPLINK 5.09, LINKER
Linker Map File - Created Fri May 12 14:47:00 2023

                                 Section Info
                  Section       Type    Address   Location Size(Bytes)
                ---------  ---------  ---------  ---------  ---------
                   .org_0       code   0x000000    program   0x00003c
                   .cinit    romdata   0x00003c    program   0x000002



                              Program Memory Usage 
                               Start         End      
                           ---------   ---------      
                            0x000000    0x00003d      
            62 out of 24856 program addresses used, program memory utilization is 0%



                              Symbols - Sorted by Name
                     Name    Address   Location    Storage File                     
                ---------  ---------  ---------  --------- ---------                
                      IB0   0x000026    program     static C:\Users\armando\Desktop\practicas_dis.prog\P3_XOR\Bit.asm
                      IB1   0x00001c    program     static C:\Users\armando\Desktop\practicas_dis.prog\P3_XOR\Bit.asm
                   INICIO   0x000000    program     static C:\Users\armando\Desktop\practicas_dis.prog\P3_XOR\Bit.asm
                     MAIN   0x000012    program     static C:\Users\armando\Desktop\practicas_dis.prog\P3_XOR\Bit.asm
                      OFF   0x000036    program     static C:\Users\armando\Desktop\practicas_dis.prog\P3_XOR\Bit.asm
                       ON   0x000030    program     static C:\Users\armando\Desktop\practicas_dis.prog\P3_XOR\Bit.asm



                              Symbols - Sorted by Address
                     Name    Address   Location    Storage File                     
                ---------  ---------  ---------  --------- ---------                
                   INICIO   0x000000    program     static C:\Users\armando\Desktop\practicas_dis.prog\P3_XOR\Bit.asm
                     MAIN   0x000012    program     static C:\Users\armando\Desktop\practicas_dis.prog\P3_XOR\Bit.asm
                      IB1   0x00001c    program     static C:\Users\armando\Desktop\practicas_dis.prog\P3_XOR\Bit.asm
                      IB0   0x000026    program     static C:\Users\armando\Desktop\practicas_dis.prog\P3_XOR\Bit.asm
                       ON   0x000030    program     static C:\Users\armando\Desktop\practicas_dis.prog\P3_XOR\Bit.asm
                      OFF   0x000036    program     static C:\Users\armando\Desktop\practicas_dis.prog\P3_XOR\Bit.asm


