MPLINK 5.09, LINKER
Linker Map File - Created Sun Mar 05 12:20:16 2023

                                 Section Info
                  Section       Type    Address   Location Size(Bytes)
                ---------  ---------  ---------  ---------  ---------
                   .org_0       code   0x000000    program   0x000018
                   .cinit    romdata   0x000018    program   0x000002



                              Program Memory Usage 
                               Start         End      
                           ---------   ---------      
                            0x000000    0x000019      
            26 out of 33048 program addresses used, program memory utilization is 0%



                              Symbols - Sorted by Name
                     Name    Address   Location    Storage File                     
                ---------  ---------  ---------  --------- ---------                
                      AND   0x00000c    program     static C:\Users\armando\Desktop\practicas_dis.prog\practica 1.1.X\practica1.1.asm
           MULTIPLICACION   0x000008    program     static C:\Users\armando\Desktop\practicas_dis.prog\practica 1.1.X\practica1.1.asm
                       OR   0x000010    program     static C:\Users\armando\Desktop\practicas_dis.prog\practica 1.1.X\practica1.1.asm
                    RESTA   0x000004    program     static C:\Users\armando\Desktop\practicas_dis.prog\practica 1.1.X\practica1.1.asm
                     SUMA   0x000000    program     static C:\Users\armando\Desktop\practicas_dis.prog\practica 1.1.X\practica1.1.asm
                      XOR   0x000014    program     static C:\Users\armando\Desktop\practicas_dis.prog\practica 1.1.X\practica1.1.asm



                              Symbols - Sorted by Address
                     Name    Address   Location    Storage File                     
                ---------  ---------  ---------  --------- ---------                
                     SUMA   0x000000    program     static C:\Users\armando\Desktop\practicas_dis.prog\practica 1.1.X\practica1.1.asm
                    RESTA   0x000004    program     static C:\Users\armando\Desktop\practicas_dis.prog\practica 1.1.X\practica1.1.asm
           MULTIPLICACION   0x000008    program     static C:\Users\armando\Desktop\practicas_dis.prog\practica 1.1.X\practica1.1.asm
                      AND   0x00000c    program     static C:\Users\armando\Desktop\practicas_dis.prog\practica 1.1.X\practica1.1.asm
                       OR   0x000010    program     static C:\Users\armando\Desktop\practicas_dis.prog\practica 1.1.X\practica1.1.asm
                      XOR   0x000014    program     static C:\Users\armando\Desktop\practicas_dis.prog\practica 1.1.X\practica1.1.asm


