MPLINK 5.09, LINKER
Linker Map File - Created Sun Mar 05 14:58:29 2023

                                 Section Info
                  Section       Type    Address   Location Size(Bytes)
                ---------  ---------  ---------  ---------  ---------
                   .org_0       code   0x000000    program   0x000048
                   .cinit    romdata   0x000048    program   0x000002



                              Program Memory Usage 
                               Start         End      
                           ---------   ---------      
                            0x000000    0x000049      
            74 out of 33048 program addresses used, program memory utilization is 0%



                              Symbols - Sorted by Name
                     Name    Address   Location    Storage File                     
                ---------  ---------  ---------  --------- ---------                
                      AND   0x000014    program     static C:\Users\armando\Desktop\practicas_dis.prog\practica 1.2.X\practica1.2.asm
               DECREMENTO   0x00002c    program     static C:\Users\armando\Desktop\practicas_dis.prog\practica 1.2.X\practica1.2.asm
               INCREMENTO   0x000028    program     static C:\Users\armando\Desktop\practicas_dis.prog\practica 1.2.X\practica1.2.asm
                     MAIN   0x000000    program     static C:\Users\armando\Desktop\practicas_dis.prog\practica 1.2.X\practica1.2.asm
           MULTIPLICACION   0x000010    program     static C:\Users\armando\Desktop\practicas_dis.prog\practica 1.2.X\practica1.2.asm
                      NOT   0x000020    program     static C:\Users\armando\Desktop\practicas_dis.prog\practica 1.2.X\practica1.2.asm
                       OR   0x000018    program     static C:\Users\armando\Desktop\practicas_dis.prog\practica 1.2.X\practica1.2.asm
                    RESTA   0x00000c    program     static C:\Users\armando\Desktop\practicas_dis.prog\practica 1.2.X\practica1.2.asm
             ROTAR_DER_DB   0x000036    program     static C:\Users\armando\Desktop\practicas_dis.prog\practica 1.2.X\practica1.2.asm
             ROTAR_IZQ_DA   0x000030    program     static C:\Users\armando\Desktop\practicas_dis.prog\practica 1.2.X\practica1.2.asm
                    SETF_   0x000040    program     static C:\Users\armando\Desktop\practicas_dis.prog\practica 1.2.X\practica1.2.asm
                     SUMA   0x000008    program     static C:\Users\armando\Desktop\practicas_dis.prog\practica 1.2.X\practica1.2.asm
              SWAPF_DATOB   0x00003c    program     static C:\Users\armando\Desktop\practicas_dis.prog\practica 1.2.X\practica1.2.asm
                      XOR   0x00001c    program     static C:\Users\armando\Desktop\practicas_dis.prog\practica 1.2.X\practica1.2.asm



                              Symbols - Sorted by Address
                     Name    Address   Location    Storage File                     
                ---------  ---------  ---------  --------- ---------                
                     MAIN   0x000000    program     static C:\Users\armando\Desktop\practicas_dis.prog\practica 1.2.X\practica1.2.asm
                     SUMA   0x000008    program     static C:\Users\armando\Desktop\practicas_dis.prog\practica 1.2.X\practica1.2.asm
                    RESTA   0x00000c    program     static C:\Users\armando\Desktop\practicas_dis.prog\practica 1.2.X\practica1.2.asm
           MULTIPLICACION   0x000010    program     static C:\Users\armando\Desktop\practicas_dis.prog\practica 1.2.X\practica1.2.asm
                      AND   0x000014    program     static C:\Users\armando\Desktop\practicas_dis.prog\practica 1.2.X\practica1.2.asm
                       OR   0x000018    program     static C:\Users\armando\Desktop\practicas_dis.prog\practica 1.2.X\practica1.2.asm
                      XOR   0x00001c    program     static C:\Users\armando\Desktop\practicas_dis.prog\practica 1.2.X\practica1.2.asm
                      NOT   0x000020    program     static C:\Users\armando\Desktop\practicas_dis.prog\practica 1.2.X\practica1.2.asm
               INCREMENTO   0x000028    program     static C:\Users\armando\Desktop\practicas_dis.prog\practica 1.2.X\practica1.2.asm
               DECREMENTO   0x00002c    program     static C:\Users\armando\Desktop\practicas_dis.prog\practica 1.2.X\practica1.2.asm
             ROTAR_IZQ_DA   0x000030    program     static C:\Users\armando\Desktop\practicas_dis.prog\practica 1.2.X\practica1.2.asm
             ROTAR_DER_DB   0x000036    program     static C:\Users\armando\Desktop\practicas_dis.prog\practica 1.2.X\practica1.2.asm
              SWAPF_DATOB   0x00003c    program     static C:\Users\armando\Desktop\practicas_dis.prog\practica 1.2.X\practica1.2.asm
                    SETF_   0x000040    program     static C:\Users\armando\Desktop\practicas_dis.prog\practica 1.2.X\practica1.2.asm


