MPLINK 5.09, LINKER
Linker Map File - Created Sun May 14 20:02:22 2023

                                 Section Info
                  Section       Type    Address   Location Size(Bytes)
                ---------  ---------  ---------  ---------  ---------
                   .org_0       code   0x000000    program   0x0000ba
                   .cinit    romdata   0x0000ba    program   0x000002
.config_300000_BUILD/DEFAULT/PRODUCTION/ALU.O    romdata   0x300000    program   0x000001
.config_300001_BUILD/DEFAULT/PRODUCTION/ALU.O    romdata   0x300001    program   0x000001
.config_300002_BUILD/DEFAULT/PRODUCTION/ALU.O    romdata   0x300002    program   0x000001
.config_300003_BUILD/DEFAULT/PRODUCTION/ALU.O    romdata   0x300003    program   0x000001
.config_300005_BUILD/DEFAULT/PRODUCTION/ALU.O    romdata   0x300005    program   0x000001
.config_300006_BUILD/DEFAULT/PRODUCTION/ALU.O    romdata   0x300006    program   0x000001
.config_300008_BUILD/DEFAULT/PRODUCTION/ALU.O    romdata   0x300008    program   0x000001
.config_300009_BUILD/DEFAULT/PRODUCTION/ALU.O    romdata   0x300009    program   0x000001
.config_30000A_BUILD/DEFAULT/PRODUCTION/ALU.O    romdata   0x30000a    program   0x000001
.config_30000B_BUILD/DEFAULT/PRODUCTION/ALU.O    romdata   0x30000b    program   0x000001
.config_30000C_BUILD/DEFAULT/PRODUCTION/ALU.O    romdata   0x30000c    program   0x000001
.config_30000D_BUILD/DEFAULT/PRODUCTION/ALU.O    romdata   0x30000d    program   0x000001



                              Program Memory Usage 
                               Start         End      
                           ---------   ---------      
                            0x000000    0x0000bb      
                            0x300000    0x300003      
                            0x300005    0x300006      
                            0x300008    0x30000d      
            200 out of 24856 program addresses used, program memory utilization is 0%



                              Symbols - Sorted by Name
                     Name    Address   Location    Storage File                     
                ---------  ---------  ---------  --------- ---------                
        CONFIGURACION_CFR   0x000000    program     static C:\Users\W10\Desktop\Dispositivos Programables\ALU.X\ALU.asm
                     MAIN   0x000010    program     static C:\Users\W10\Desktop\Dispositivos Programables\ALU.X\ALU.asm
                       s0   0x00002e    program     static C:\Users\W10\Desktop\Dispositivos Programables\ALU.X\ALU.asm
                      s00   0x000042    program     static C:\Users\W10\Desktop\Dispositivos Programables\ALU.X\ALU.asm
                s000_SUMA   0x00006a    program     static C:\Users\W10\Desktop\Dispositivos Programables\ALU.X\ALU.asm
               s001_RESTA   0x000074    program     static C:\Users\W10\Desktop\Dispositivos Programables\ALU.X\ALU.asm
                      s01   0x00004c    program     static C:\Users\W10\Desktop\Dispositivos Programables\ALU.X\ALU.asm
      s010_MULTIPLICACION   0x00007e    program     static C:\Users\W10\Desktop\Dispositivos Programables\ALU.X\ALU.asm
                 s011_AND   0x00008a    program     static C:\Users\W10\Desktop\Dispositivos Programables\ALU.X\ALU.asm
                       s1   0x000038    program     static C:\Users\W10\Desktop\Dispositivos Programables\ALU.X\ALU.asm
                      s10   0x000056    program     static C:\Users\W10\Desktop\Dispositivos Programables\ALU.X\ALU.asm
                  s100_OR   0x000094    program     static C:\Users\W10\Desktop\Dispositivos Programables\ALU.X\ALU.asm
                 s101_XOR   0x00009e    program     static C:\Users\W10\Desktop\Dispositivos Programables\ALU.X\ALU.asm
                      s11   0x000060    program     static C:\Users\W10\Desktop\Dispositivos Programables\ALU.X\ALU.asm
                 s110_NOT   0x0000a8    program     static C:\Users\W10\Desktop\Dispositivos Programables\ALU.X\ALU.asm
        s111_COMPLEMENTO2   0x0000b0    program     static C:\Users\W10\Desktop\Dispositivos Programables\ALU.X\ALU.asm



                              Symbols - Sorted by Address
                     Name    Address   Location    Storage File                     
                ---------  ---------  ---------  --------- ---------                
        CONFIGURACION_CFR   0x000000    program     static C:\Users\W10\Desktop\Dispositivos Programables\ALU.X\ALU.asm
                     MAIN   0x000010    program     static C:\Users\W10\Desktop\Dispositivos Programables\ALU.X\ALU.asm
                       s0   0x00002e    program     static C:\Users\W10\Desktop\Dispositivos Programables\ALU.X\ALU.asm
                       s1   0x000038    program     static C:\Users\W10\Desktop\Dispositivos Programables\ALU.X\ALU.asm
                      s00   0x000042    program     static C:\Users\W10\Desktop\Dispositivos Programables\ALU.X\ALU.asm
                      s01   0x00004c    program     static C:\Users\W10\Desktop\Dispositivos Programables\ALU.X\ALU.asm
                      s10   0x000056    program     static C:\Users\W10\Desktop\Dispositivos Programables\ALU.X\ALU.asm
                      s11   0x000060    program     static C:\Users\W10\Desktop\Dispositivos Programables\ALU.X\ALU.asm
                s000_SUMA   0x00006a    program     static C:\Users\W10\Desktop\Dispositivos Programables\ALU.X\ALU.asm
               s001_RESTA   0x000074    program     static C:\Users\W10\Desktop\Dispositivos Programables\ALU.X\ALU.asm
      s010_MULTIPLICACION   0x00007e    program     static C:\Users\W10\Desktop\Dispositivos Programables\ALU.X\ALU.asm
                 s011_AND   0x00008a    program     static C:\Users\W10\Desktop\Dispositivos Programables\ALU.X\ALU.asm
                  s100_OR   0x000094    program     static C:\Users\W10\Desktop\Dispositivos Programables\ALU.X\ALU.asm
                 s101_XOR   0x00009e    program     static C:\Users\W10\Desktop\Dispositivos Programables\ALU.X\ALU.asm
                 s110_NOT   0x0000a8    program     static C:\Users\W10\Desktop\Dispositivos Programables\ALU.X\ALU.asm
        s111_COMPLEMENTO2   0x0000b0    program     static C:\Users\W10\Desktop\Dispositivos Programables\ALU.X\ALU.asm


