MPLINK 5.09, LINKER
Linker Map File - Created Fri Jun 16 17:29:15 2023

                                 Section Info
                  Section       Type    Address   Location Size(Bytes)
                ---------  ---------  ---------  ---------  ---------
                   .org_0       code   0x000000    program   0x0000ac
                   .cinit    romdata   0x0000ac    program   0x000002
.config_300000_BUILD/DEFAULT/PRODUCTION/P6_BUTT    romdata   0x300000    program   0x000001
.config_300001_BUILD/DEFAULT/PRODUCTION/P6_BUTT    romdata   0x300001    program   0x000001
.config_300002_BUILD/DEFAULT/PRODUCTION/P6_BUTT    romdata   0x300002    program   0x000001
.config_300003_BUILD/DEFAULT/PRODUCTION/P6_BUTT    romdata   0x300003    program   0x000001
.config_300005_BUILD/DEFAULT/PRODUCTION/P6_BUTT    romdata   0x300005    program   0x000001
.config_300006_BUILD/DEFAULT/PRODUCTION/P6_BUTT    romdata   0x300006    program   0x000001
.config_300008_BUILD/DEFAULT/PRODUCTION/P6_BUTT    romdata   0x300008    program   0x000001
.config_300009_BUILD/DEFAULT/PRODUCTION/P6_BUTT    romdata   0x300009    program   0x000001
.config_30000A_BUILD/DEFAULT/PRODUCTION/P6_BUTT    romdata   0x30000a    program   0x000001
.config_30000B_BUILD/DEFAULT/PRODUCTION/P6_BUTT    romdata   0x30000b    program   0x000001
.config_30000C_BUILD/DEFAULT/PRODUCTION/P6_BUTT    romdata   0x30000c    program   0x000001
.config_30000D_BUILD/DEFAULT/PRODUCTION/P6_BUTT    romdata   0x30000d    program   0x000001



                              Program Memory Usage 
                               Start         End      
                           ---------   ---------      
                            0x000000    0x0000ad      
                            0x300000    0x300003      
                            0x300005    0x300006      
                            0x300008    0x30000d      
            186 out of 33048 program addresses used, program memory utilization is 0%



                              Symbols - Sorted by Name
                     Name    Address   Location    Storage File                     
                ---------  ---------  ---------  --------- ---------                
                    AGAIN   0x000018    program     static C:\Users\armando\Desktop\P6_IN_DECR.X\P6_Button_Inc_Decr.asm
               ASCENDENTE   0x000078    program     static C:\Users\armando\Desktop\P6_IN_DECR.X\P6_Button_Inc_Decr.asm
                      B_1   0x00004e    program     static C:\Users\armando\Desktop\P6_IN_DECR.X\P6_Button_Inc_Decr.asm
                      B_2   0x000062    program     static C:\Users\armando\Desktop\P6_IN_DECR.X\P6_Button_Inc_Decr.asm
               DECODIFICA   0x000026    program     static C:\Users\armando\Desktop\P6_IN_DECR.X\P6_Button_Inc_Decr.asm
               DELAY_10MS   0x00000e    program     static C:\Users\armando\Desktop\P6_IN_DECR.X\P6_Button_Inc_Decr.asm
                DELAY_1mS   0x000012    program     static C:\Users\armando\Desktop\P6_IN_DECR.X\P6_Button_Inc_Decr.asm
              DESCENDENTE   0x000096    program     static C:\Users\armando\Desktop\P6_IN_DECR.X\P6_Button_Inc_Decr.asm
                     MAIN   0x000046    program     static C:\Users\armando\Desktop\P6_IN_DECR.X\P6_Button_Inc_Decr.asm
                 SETTINGS   0x000034    program     static C:\Users\armando\Desktop\P6_IN_DECR.X\P6_Button_Inc_Decr.asm
                    SIGUE   0x0000a4    program     static C:\Users\armando\Desktop\P6_IN_DECR.X\P6_Button_Inc_Decr.asm
                   SIGUE2   0x00008e    program     static C:\Users\armando\Desktop\P6_IN_DECR.X\P6_Button_Inc_Decr.asm
                 TABLA_03   0x000004    program     static C:\Users\armando\Desktop\P6_IN_DECR.X\P6_Button_Inc_Decr.asm
                   WAIT_D   0x000068    program     static C:\Users\armando\Desktop\P6_IN_DECR.X\P6_Button_Inc_Decr.asm
                   WAIT_I   0x000054    program     static C:\Users\armando\Desktop\P6_IN_DECR.X\P6_Button_Inc_Decr.asm



                              Symbols - Sorted by Address
                     Name    Address   Location    Storage File                     
                ---------  ---------  ---------  --------- ---------                
                 TABLA_03   0x000004    program     static C:\Users\armando\Desktop\P6_IN_DECR.X\P6_Button_Inc_Decr.asm
               DELAY_10MS   0x00000e    program     static C:\Users\armando\Desktop\P6_IN_DECR.X\P6_Button_Inc_Decr.asm
                DELAY_1mS   0x000012    program     static C:\Users\armando\Desktop\P6_IN_DECR.X\P6_Button_Inc_Decr.asm
                    AGAIN   0x000018    program     static C:\Users\armando\Desktop\P6_IN_DECR.X\P6_Button_Inc_Decr.asm
               DECODIFICA   0x000026    program     static C:\Users\armando\Desktop\P6_IN_DECR.X\P6_Button_Inc_Decr.asm
                 SETTINGS   0x000034    program     static C:\Users\armando\Desktop\P6_IN_DECR.X\P6_Button_Inc_Decr.asm
                     MAIN   0x000046    program     static C:\Users\armando\Desktop\P6_IN_DECR.X\P6_Button_Inc_Decr.asm
                      B_1   0x00004e    program     static C:\Users\armando\Desktop\P6_IN_DECR.X\P6_Button_Inc_Decr.asm
                   WAIT_I   0x000054    program     static C:\Users\armando\Desktop\P6_IN_DECR.X\P6_Button_Inc_Decr.asm
                      B_2   0x000062    program     static C:\Users\armando\Desktop\P6_IN_DECR.X\P6_Button_Inc_Decr.asm
                   WAIT_D   0x000068    program     static C:\Users\armando\Desktop\P6_IN_DECR.X\P6_Button_Inc_Decr.asm
               ASCENDENTE   0x000078    program     static C:\Users\armando\Desktop\P6_IN_DECR.X\P6_Button_Inc_Decr.asm
                   SIGUE2   0x00008e    program     static C:\Users\armando\Desktop\P6_IN_DECR.X\P6_Button_Inc_Decr.asm
              DESCENDENTE   0x000096    program     static C:\Users\armando\Desktop\P6_IN_DECR.X\P6_Button_Inc_Decr.asm
                    SIGUE   0x0000a4    program     static C:\Users\armando\Desktop\P6_IN_DECR.X\P6_Button_Inc_Decr.asm


