MPLINK 5.09, LINKER
Linker Map File - Created Tue Jun 20 15:32:05 2023

                                 Section Info
                  Section       Type    Address   Location Size(Bytes)
                ---------  ---------  ---------  ---------  ---------
                   .org_0       code   0x000000    program   0x00005a
                   .cinit    romdata   0x00005a    program   0x000002



                              Program Memory Usage 
                               Start         End      
                           ---------   ---------      
                            0x000000    0x00005b      
            92 out of 24856 program addresses used, program memory utilization is 0%



                              Symbols - Sorted by Name
                     Name    Address   Location    Storage File                     
                ---------  ---------  ---------  --------- ---------                
                   ACCION   0x00003e    program     static C:\Users\armando\Desktop\practicas_dis.prog\2BOTON_LED.X\2BOTONES.asm
                  ACCION2   0x000054    program     static C:\Users\armando\Desktop\practicas_dis.prog\2BOTON_LED.X\2BOTONES.asm
                    AGAIN   0x000010    program     static C:\Users\armando\Desktop\practicas_dis.prog\2BOTON_LED.X\2BOTONES.asm
               DELAY_10MS   0x000004    program     static C:\Users\armando\Desktop\practicas_dis.prog\2BOTON_LED.X\2BOTONES.asm
                DELAY_1mS   0x00000a    program     static C:\Users\armando\Desktop\practicas_dis.prog\2BOTON_LED.X\2BOTONES.asm
                     MAIN   0x00002a    program     static C:\Users\armando\Desktop\practicas_dis.prog\2BOTON_LED.X\2BOTONES.asm
                    MAIN2   0x000040    program     static C:\Users\armando\Desktop\practicas_dis.prog\2BOTON_LED.X\2BOTONES.asm
                     OTRA   0x000030    program     static C:\Users\armando\Desktop\practicas_dis.prog\2BOTON_LED.X\2BOTONES.asm
                    OTRA2   0x000046    program     static C:\Users\armando\Desktop\practicas_dis.prog\2BOTON_LED.X\2BOTONES.asm
                 SETIINGS   0x00001a    program     static C:\Users\armando\Desktop\practicas_dis.prog\2BOTON_LED.X\2BOTONES.asm



                              Symbols - Sorted by Address
                     Name    Address   Location    Storage File                     
                ---------  ---------  ---------  --------- ---------                
               DELAY_10MS   0x000004    program     static C:\Users\armando\Desktop\practicas_dis.prog\2BOTON_LED.X\2BOTONES.asm
                DELAY_1mS   0x00000a    program     static C:\Users\armando\Desktop\practicas_dis.prog\2BOTON_LED.X\2BOTONES.asm
                    AGAIN   0x000010    program     static C:\Users\armando\Desktop\practicas_dis.prog\2BOTON_LED.X\2BOTONES.asm
                 SETIINGS   0x00001a    program     static C:\Users\armando\Desktop\practicas_dis.prog\2BOTON_LED.X\2BOTONES.asm
                     MAIN   0x00002a    program     static C:\Users\armando\Desktop\practicas_dis.prog\2BOTON_LED.X\2BOTONES.asm
                     OTRA   0x000030    program     static C:\Users\armando\Desktop\practicas_dis.prog\2BOTON_LED.X\2BOTONES.asm
                   ACCION   0x00003e    program     static C:\Users\armando\Desktop\practicas_dis.prog\2BOTON_LED.X\2BOTONES.asm
                    MAIN2   0x000040    program     static C:\Users\armando\Desktop\practicas_dis.prog\2BOTON_LED.X\2BOTONES.asm
                    OTRA2   0x000046    program     static C:\Users\armando\Desktop\practicas_dis.prog\2BOTON_LED.X\2BOTONES.asm
                  ACCION2   0x000054    program     static C:\Users\armando\Desktop\practicas_dis.prog\2BOTON_LED.X\2BOTONES.asm


