MPLINK 5.09, LINKER
Linker Map File - Created Thu May 25 08:14:43 2023

                                 Section Info
                  Section       Type    Address   Location Size(Bytes)
                ---------  ---------  ---------  ---------  ---------
                   .org_0       code   0x000000    program   0x00001e
                   .cinit    romdata   0x00001e    program   0x000002



                              Program Memory Usage 
                               Start         End      
                           ---------   ---------      
                            0x000000    0x00001f      
            32 out of 24856 program addresses used, program memory utilization is 0%



                              Symbols - Sorted by Name
                     Name    Address   Location    Storage File                     
                ---------  ---------  ---------  --------- ---------                
            CONFIGURACION   0x00000a    program     static C:\Users\armando\Desktop\practicas_dis.prog\DELAY1.X\newAsmTemplate.asm
                   DELAY1   0x000000    program     static C:\Users\armando\Desktop\practicas_dis.prog\DELAY1.X\newAsmTemplate.asm
                     MAIN   0x000010    program     static C:\Users\armando\Desktop\practicas_dis.prog\DELAY1.X\newAsmTemplate.asm
                     OTRA   0x000004    program     static C:\Users\armando\Desktop\practicas_dis.prog\DELAY1.X\newAsmTemplate.asm



                              Symbols - Sorted by Address
                     Name    Address   Location    Storage File                     
                ---------  ---------  ---------  --------- ---------                
                   DELAY1   0x000000    program     static C:\Users\armando\Desktop\practicas_dis.prog\DELAY1.X\newAsmTemplate.asm
                     OTRA   0x000004    program     static C:\Users\armando\Desktop\practicas_dis.prog\DELAY1.X\newAsmTemplate.asm
            CONFIGURACION   0x00000a    program     static C:\Users\armando\Desktop\practicas_dis.prog\DELAY1.X\newAsmTemplate.asm
                     MAIN   0x000010    program     static C:\Users\armando\Desktop\practicas_dis.prog\DELAY1.X\newAsmTemplate.asm


